============================= test session starts =============================
platform win32 -- Python 3.11.9, pytest-8.2.0, pluggy-1.6.0
rootdir: C:\Users\galan\translator_middleware
configfile: pytest.ini
plugins: anyio-4.12.1, asyncio-0.23.6
asyncio: mode=Mode.STRICT
collected 0 items / 1 error

=================================== ERRORS ====================================
_____________________ ERROR collecting tests/test_eat.py ______________________
ImportError while importing test module 'C:\Users\galan\translator_middleware\tests\test_eat.py'.
Hint: make sure your test modules/packages have valid Python names.
Traceback:
..\AppData\Local\Programs\Python\Python311\Lib\importlib\__init__.py:126: in import_module
    return _bootstrap._gcd_import(name[level:], package, level)
tests\test_eat.py:8: in <module>
    from fastapi.testclient import TestClient
E   ModuleNotFoundError: No module named 'fastapi'
=========================== short test summary info ===========================
ERROR tests/test_eat.py
!!!!!!!!!!!!!!!!!!! Interrupted: 1 error during collection !!!!!!!!!!!!!!!!!!!!
============================== 1 error in 0.15s ===============================
